// Jest Snapshot v1, https://goo.gl/fbAQLP

exports[`<Header /> renders correctly 1`] = `
<header>
  <img
    alt="efmrl logo"
    src="efmrl-chat-final.png"
  />
</header>
`;
