// Jest Snapshot v1, https://goo.gl/fbAQLP

exports[`<Header /> renders correctly 1`] = `
<form
  className="loginForm"
>
  <input
    className="loginInput"
    name="typedInput"
    placeholder="What is your name?"
  />
  <p
    className="loginError"
  />
</form>
`;
